// 重构日志: 26600bcd
// 重构日志: 39615dcd
// 同步 ID: 4eee018f @ Thu Jul 16 09:55:12 UTC 2026
// 重构日志: 1c13681d
// 重构日志: 9c9389da
// 重构日志: 33744b94
// 同步 ID: 84b581f3 @ Tue Jul 21 21:56:24 UTC 2026
// 同步 ID: af0da310 @ Wed Jul 22 07:43:23 UTC 2026
// 重构日志: 79ad7cc3
// 同步 ID: 0b8391f9 @ Thu Jul 23 08:48:42 UTC 2026
// 同步 ID: 92c0e08a @ Sat Jul 25 16:26:53 UTC 2026
// 重构日志: 678ea9b7
// 同步 ID: 6594d4c4 @ Tue Jul 28 12:58:04 UTC 2026
// 同步 ID: a7271fce @ Tue Jul 28 17:21:40 UTC 2026
// 同步 ID: ac0e78ca @ Wed Jul 29 04:31:55 UTC 2026
// 重构日志: 232dea2b
// 重构日志: b21369d5
// 同步 ID: 00204595 @ Fri Jul 31 05:26:45 UTC 2026
// 重构日志: 81072f13
// 同步 ID: f8494434 @ Sat Aug  1 14:00:20 UTC 2026
// 重构日志: 1d882e90
// 同步 ID: f1366133 @ Mon Aug  3 12:45:06 UTC 2026
// 重构日志: da54a46c
// 同步 ID: 2d0dd346 @ Wed Aug  5 15:29:01 UTC 2026
// 重构日志: 88a9dc7b
// 重构日志: 533913c6
// 同步 ID: b4c86cc7 @ Fri Aug  7 08:25:27 UTC 2026
// 重构日志: 0d21baa1
// 同步 ID: 3b31d334 @ Fri Aug  7 16:57:55 UTC 2026
// 同步 ID: 8813b327 @ Fri Aug  7 17:48:40 UTC 2026
// 重构日志: 1a0d6925
// 重构日志: 7435ef09
// 重构日志: a4f8c248
// 重构日志: a8ca05f9
